c:\users\tonyt\documents\github\zxbio-fueld-game-research\build\src\biofuelgame.dir\release\main.obj
c:\users\tonyt\documents\github\zxbio-fueld-game-research\build\src\biofuelgame.dir\release\taskutils.obj
c:\users\tonyt\documents\github\zxbio-fueld-game-research\build\src\biofuelgame.dir\release\render.obj
c:\users\tonyt\documents\github\zxbio-fueld-game-research\build\src\biofuelgame.dir\release\jsonutils.obj
c:\users\tonyt\documents\github\zxbio-fueld-game-research\build\src\biofuelgame.dir\release\fontutils.obj
c:\users\tonyt\documents\github\zxbio-fueld-game-research\build\src\biofuelgame.dir\release\eventbus.obj
c:\users\tonyt\documents\github\zxbio-fueld-game-research\build\src\biofuelgame.dir\release\eventmanager.obj
c:\users\tonyt\documents\github\zxbio-fueld-game-research\build\src\biofuelgame.dir\release\app.obj
c:\users\tonyt\documents\github\zxbio-fueld-game-research\build\src\biofuelgame.dir\release\screenmanager.obj
c:\users\tonyt\documents\github\zxbio-fueld-game-research\build\src\biofuelgame.dir\release\mainmenuscreen.obj
c:\users\tonyt\documents\github\zxbio-fueld-game-research\build\src\biofuelgame.dir\release\pausepopupscreen.obj
c:\users\tonyt\documents\github\zxbio-fueld-game-research\build\src\biofuelgame.dir\release\menuhelper.obj
c:\users\tonyt\documents\github\zxbio-fueld-game-research\build\src\biofuelgame.dir\release\inputsystem.obj
c:\users\tonyt\documents\github\zxbio-fueld-game-research\build\src\biofuelgame.dir\release\animationmanager.obj
c:\users\tonyt\documents\github\zxbio-fueld-game-research\build\src\biofuelgame.dir\release\shadermanager.obj
c:\users\tonyt\documents\github\zxbio-fueld-game-research\build\src\biofuelgame.dir\release\screenblureffect.obj
c:\users\tonyt\documents\github\zxbio-fueld-game-research\build\src\cmakefiles\generate.stamp
c:\users\tonyt\documents\github\zxbio-fueld-game-research\build\bin\release\biofuelgame.exe
c:\users\tonyt\documents\github\zxbio-fueld-game-research\build\src\biofuelgame.dir\release\biofuelgame.iobj
c:\users\tonyt\documents\github\zxbio-fueld-game-research\build\src\biofuelgame.dir\release\game.obj
c:\users\tonyt\documents\github\zxbio-fueld-game-research\build\src\biofuelgame.dir\release\biofuelgame.tlog\cl.command.1.tlog
c:\users\tonyt\documents\github\zxbio-fueld-game-research\build\src\biofuelgame.dir\release\biofuelgame.tlog\cl.items.tlog
c:\users\tonyt\documents\github\zxbio-fueld-game-research\build\src\biofuelgame.dir\release\biofuelgame.tlog\cl.read.1.tlog
c:\users\tonyt\documents\github\zxbio-fueld-game-research\build\src\biofuelgame.dir\release\biofuelgame.tlog\cl.write.1.tlog
c:\users\tonyt\documents\github\zxbio-fueld-game-research\build\src\biofuelgame.dir\release\biofuelgame.tlog\custombuild.command.1.tlog
c:\users\tonyt\documents\github\zxbio-fueld-game-research\build\src\biofuelgame.dir\release\biofuelgame.tlog\custombuild.read.1.tlog
c:\users\tonyt\documents\github\zxbio-fueld-game-research\build\src\biofuelgame.dir\release\biofuelgame.tlog\custombuild.write.1.tlog
c:\users\tonyt\documents\github\zxbio-fueld-game-research\build\src\biofuelgame.dir\release\biofuelgame.tlog\link.command.1.tlog
c:\users\tonyt\documents\github\zxbio-fueld-game-research\build\src\biofuelgame.dir\release\biofuelgame.tlog\link.read.1.tlog
c:\users\tonyt\documents\github\zxbio-fueld-game-research\build\src\biofuelgame.dir\release\biofuelgame.tlog\link.secondary.1.tlog
c:\users\tonyt\documents\github\zxbio-fueld-game-research\build\src\biofuelgame.dir\release\biofuelgame.tlog\link.write.1.tlog
